uses TypeScript <<version>> with ./tsconfig.json

pass ./__typetests__/describe-only.tst.ts
  is skipped describe?
    - skip is skipped?
  is only describe?
    + is number?
    - skip is skipped?
    - todo is todo?
    + is string?
    is nested describe?
      + is string?
      - skip is skipped?
    is nested only describe?
      + is string?
      - todo is todo?
    is nested skipped describe?
      - skip is skipped?
      - skip is skipped?
  - skip is skipped?

Targets:    1 passed, 1 total
Test files: 1 passed, 1 total
Tests:      6 skipped, 2 todo, 4 passed, 12 total
Assertions: 6 skipped, 4 passed, 10 total
Duration:   <<timestamp>>

Ran test files matching 'only'.
