路路路路 TSTyche <<version>> from <<basePath>>/tests/__fixtures__/.generated/api-toBeConstructableWith

uses TypeScript <<version>>

pass ./__typetests__/toBeConstructableWith.tst.ts
  + Pair

Targets:    1 passed, 1 total
Test files: 1 passed, 1 total
Tests:      1 passed, 1 total
Assertions: 6 passed, 6 total
Duration:   <<timestamp>>
