路路路路 TSTyche <<version>> from <<basePath>>/tests/__fixtures__/.generated/config-tsconfig

uses TypeScript <<version>> with ./tsconfig.json

pass ./__typetests__/isNumber.tst.ts
pass ./__typetests__/isString.tst.ts

Targets:    1 passed, 1 total
Test files: 2 passed, 2 total
Tests:      2 passed, 2 total
Assertions: 2 passed, 2 total
Duration:   <<timestamp>>
