路路路路 TSTyche <<version>> at <<basePath>>/tests/__fixtures__/.generated/directive-ts-expect-error

uses TypeScript <<version>>

pass ./__typetests__/sample.tst.ts

Targets:    1 passed, 1 total
Test files: 1 passed, 1 total
Suppressed: 3 matched, 3 total
Duration:   <<timestamp>>
