<clearTerminal>
uses TypeScript <<version>> with ./a-feature/__typetests__/tsconfig.json

pass ./a-feature/__typetests__/new-isNumber.test.ts

Press a to run all tests.
Press x to exit.
<clearTerminal>
uses TypeScript <<version>> with ./a-feature/__typetests__/tsconfig.json

pass ./a-feature/__typetests__/isString.test.ts

uses TypeScript <<version>> with ./b-feature/__typetests__/tsconfig.json

pass ./b-feature/__typetests__/isString.test.ts

uses TypeScript <<version>> with ./a-feature/__typetests__/tsconfig.json

pass ./a-feature/__typetests__/new-isNumber.test.ts

Press a to run all tests.
Press x to exit.
