Error: No test files were left to run using current configuration.

Root path:       <<cwd>>/tests/__fixtures__/.generated/feature-watch
Test file match: **/*.tst.*, **/__typetests__/*.test.*, **/typetests/*.test.*
Path match:      isNumber

