Error: ')' expected. ts(1005)

   7 | }
   8 | 
   9 | export default getTestText(;
     |                            ~
  10 | 

       at ./__typetests__/sample.tst.ts:9:28

