uses TypeScript <<version>> with ./tsconfig.json

fail ./__typetests__/handles-expect.tst.ts
  + is string?

Targets:    1 failed, 1 total
Test files: 1 failed, 1 total
Tests:      1 passed, 1 total
Assertions: 1 passed, 1 total
Duration:   <<timestamp>>

Ran all test files.
