// Jest Snapshot v1, https://goo.gl/fbAQLP

exports[`tsconfig has errors: stderr 1`] = `
"Error: Compiler option 'strict' requires a value of type boolean. ts(5024)

  2 |   "compilerOptions": {
  3 |     "noEmitOnError": true,
> 4 |     "strict": "yes",
    |               ^
  5 |     "strictNullChecks": true
  6 |   },
  7 |   "extends": "../tsconfig.json",

      at ./tsconfig.json:4:15

"
`;

exports[`tsconfig has errors: stdout 1`] = `
"uses TypeScript <<version>> with ./tsconfig.json

pass ./__typetests__/dummy.test.ts
  + is string?

Targets:    1 failed, 1 total
Test files: 1 passed, 1 total
Tests:      1 passed, 1 total
Assertions: 1 passed, 1 total
Duration:   <<timestamp>>

Ran all test files.
"
`;
