Error: String literal with double quotes expected.

  1 | {
> 2 |   "rootPath": '../'
    |               ^
  3 | }

      at ./tstyche.config.json:2:15

