Error: Value for the 'target' option must be a string.

  1 | // @tstyche if { target: ["5.2"] }
    |                          ~~~~~~~
  2 | 
  3 | import { expect, test } from "tstyche";
  4 | 

      at ./__typetests__/sample.tst.ts:1:26

