路路路路 TSTyche <<version>> from <<basePath>>/tests/__fixtures__/.generated/validation-template

uses TypeScript <<version>>

fail ./__typetests__/sample.tst.ts

Targets:    1 failed, 1 total
Test files: 1 failed, 1 total
Duration:   <<timestamp>>
